Fetching distribution.
Downloading https://services.gradle.org/distributions/gradle-9.5.1-bin.zip
.............10%.............20%..............30%.............40%.............50%..............60%.............70%..............80%.............90%.............100%

Welcome to Gradle 9.5.1!

Here are the highlights of this release:
 - Task provenance in reports and failure messages
 - Type-safe accessors for precompiled Kotlin Settings plugins

For more details see https://docs.gradle.org/9.5.1/release-notes.html

To honour the JVM settings for this build a single-use Daemon process will be forked. For more on this, please refer to https://docs.gradle.org/9.5.1/userguide/gradle_daemon.html#sec:disabling_the_daemon in the Gradle documentation.
Daemon will be stopped at the end of the build 

> Configure project :common
Fabric Loom: 1.17.20
~~~~~~~~~~~~~~~~~~~~~~~~~~~~~~~~~~~~~~~~~~~~~~~~~~~~~~~~~~~~~~
Using of the official minecraft mappings is at your own risk!
Please make sure to read and understand the following license:
~~~~~~~~~~~~~~~~~~~~~~~~~~~~~~~~~~~~~~~~~~~~~~~~~~~~~~~~~~~~~~
# (c) 2020 Microsoft Corporation. These mappings are provided "as-is" and you bear the risk of using them. You may copy and use the mappings for development purposes, but you may not redistribute the mappings complete and unmodified. Microsoft makes no warranties, express or implied, with respect to the mappings provided here.  Use and modification of this document or the source code (in any form) of Minecraft: Java Edition is governed by the Minecraft End User License Agreement available at https://account.mojang.com/documents/minecraft_eula.
~~~~~~~~~~~~~~~~~~~~~~~~~~~~~~~~~~~~~~~~~~~~~~~~~~~~~~~~~~~~~~

> Configure project :common-client
Fabric Loom: 1.17.20

> Configure project :fabric
Fabric Loom: 1.17.20

> Task :api:compileJava
warning: [options] source value 8 is obsolete and will be removed in a future release
warning: [options] target value 8 is obsolete and will be removed in a future release
warning: [options] To suppress warnings about obsolete options, use -Xlint:-options.
3 warnings

> Task :api:processResources NO-SOURCE
> Task :api:classes
> Task :api:jar
> Task :common:compileTemplateJava
> Task :common:processTemplateResources NO-SOURCE
> Task :common:templateClasses

> Task :common:compileJava
Note: Some input files use or override a deprecated API.
Note: Recompile with -Xlint:deprecation for details.
Note: Some input files use unchecked or unsafe operations.
Note: Recompile with -Xlint:unchecked for details.

> Task :common:processResources
> Task :common:classes
> Task :common:jar

> Task :common-client:compileJava
Note: Some input files use or override a deprecated API.
Note: Recompile with -Xlint:deprecation for details.
Note: Some input files use unchecked or unsafe operations.
Note: Recompile with -Xlint:unchecked for details.

> Task :common-client:processResources
> Task :common-client:classes
> Task :common-client:jar
> Task :fabric:generateJava
> Task :fabric:api-stub:compileJava NO-SOURCE
> Task :fabric:api-stub:processResources
> Task :fabric:api-stub:classes
> Task :fabric:api-stub:jar

> Task :fabric:compileJava
Note: Some input files use or override a deprecated API.
Note: Recompile with -Xlint:deprecation for details.
Note: Some input files use unchecked or unsafe operations.
Note: Recompile with -Xlint:unchecked for details.

> Task :fabric:processResources
> Task :fabric:classes
> Task :fabric:jar
> Task :fabric:processIncludeJars
> Task :fabric:shadowJar

> Task :fabric:compileTestJava
Note: Some input files use or override a deprecated API.
Note: Recompile with -Xlint:deprecation for details.
Note: Some input files use unchecked or unsafe operations.
Note: Recompile with -Xlint:unchecked for details.

> Task :fabric:processTestResources NO-SOURCE
> Task :fabric:testClasses
> Task :fabric:remapJar
> Task :fabric:test
> Task :fabric:remapSourcesJar SKIPPED
> Task :fabric:assemble
> Task :fabric:validateAccessWidener NO-SOURCE
> Task :fabric:check
> Task :fabric:build

[Incubating] Problems report is available at: file:///home/runner/work/simple-voice-chat-1.17.1/simple-voice-chat-1.17.1/build/reports/problems/problems-report.html

Deprecated Gradle features were used in this build, making it incompatible with Gradle 10.

You can use '--warning-mode all' to show the individual deprecation warnings and determine if they come from your own scripts or plugins.

For more on this, please refer to https://docs.gradle.org/9.5.1/userguide/command_line_interface.html#sec:command_line_warnings in the Gradle documentation.

BUILD SUCCESSFUL in 1m 56s
20 actionable tasks: 20 executed
Consider enabling configuration cache to speed up this build: https://docs.gradle.org/9.5.1/userguide/configuration_cache_enabling.html
===== runServer smoke test failed (rc=1) =====
To honour the JVM settings for this build a single-use Daemon process will be forked. For more on this, please refer to https://docs.gradle.org/9.5.1/userguide/gradle_daemon.html#sec:disabling_the_daemon in the Gradle documentation.
Daemon will be stopped at the end of the build 

> Configure project :common
Fabric Loom: 1.17.20

> Configure project :common-client
Fabric Loom: 1.17.20

> Configure project :fabric
Fabric Loom: 1.17.20

[Incubating] Problems report is available at: file:///home/runner/work/simple-voice-chat-1.17.1/simple-voice-chat-1.17.1/build/reports/problems/problems-report.html

FAILURE: Build failed with an exception.

* What went wrong:
Class org.gradle.jvm.toolchain.JvmVendorSpec does not have member field 'org.gradle.jvm.toolchain.JvmVendorSpec IBM_SEMERU'

* Try:
> Run with --stacktrace option to get the stack trace.
> Run with --info or --debug option to get more log output.
> Run with --scan to get full insights from a Build Scan (powered by Develocity).
> Get more help at https://help.gradle.org.

Deprecated Gradle features were used in this build, making it incompatible with Gradle 10.

You can use '--warning-mode all' to show the individual deprecation warnings and determine if they come from your own scripts or plugins.

For more on this, please refer to https://docs.gradle.org/9.5.1/userguide/command_line_interface.html#sec:command_line_warnings in the Gradle documentation.

BUILD FAILED in 9s
